2025-05-19 08:39:36,904 => Processing | Status: Existing file | path: incoming_data/support_tickets.csv
2025-05-19 08:39:36,905 => Processing | Status: Existing file | path: incoming_data/customer_profiles.csv
2025-05-19 08:39:36,907 => ETL | Status: Started The pipeline | filename: incoming_data/support_tickets.csv
2025-05-19 08:39:36,907 => ETL | Status: Started The pipeline | filename: incoming_data/customer_profiles.csv
2025-05-19 08:39:46,917 => extracting customer_profiles.csv | Status: STARTED | row count: 0
2025-05-19 08:39:46,917 => extracting support_tickets.csv | Status: STARTED | row count: 0
2025-05-19 08:39:46,964 => extracted support_tickets.csv | Status: COMPLETED | row count: 15000
2025-05-19 08:39:46,965 => validateing support_tickets.csv | Status: STARTED | row count: 15000
2025-05-19 08:39:46,965 => validateed support_tickets.csv | Status: COMPLETED | row count: 15000
2025-05-19 08:39:46,966 => transforming support_tickets.csv | Status: STARTED | row count: 15000
2025-05-19 08:39:46,978 => transformed support_tickets.csv | Status: COMPLETED | row count: 15000
2025-05-19 08:39:46,978 => loading support_tickets.csv | Status: STARTED | row count: 15000
2025-05-19 08:39:47,188 => extracted customer_profiles.csv | Status: COMPLETED | row count: 100000
2025-05-19 08:39:47,188 => validateing customer_profiles.csv | Status: STARTED | row count: 100000
2025-05-19 08:39:47,189 => validateed customer_profiles.csv | Status: COMPLETED | row count: 100000
2025-05-19 08:39:47,189 => transforming customer_profiles.csv | Status: STARTED | row count: 100000
2025-05-19 08:39:47,210 => transformed customer_profiles.csv | Status: COMPLETED | row count: 100000
2025-05-19 08:39:47,210 => loading customer_profiles.csv | Status: STARTED | row count: 100000
2025-05-19 08:40:02,925 => loaded support_tickets.csv | Status: COMPLETED | row count: 15000
2025-05-19 08:40:02,925 => [SUCCESS] | Status: Processed 15000 rows from support_tickets.csv
2025-05-19 08:40:03,255 => loaded customer_profiles.csv | Status: COMPLETED | row count: 100000
2025-05-19 08:40:03,255 => [SUCCESS] | Status: Processed 100000 rows from customer_profiles.csv
2025-05-19 08:40:59,501 => Processing | Status: Incoming file | path: incoming_data/hamada.txt
2025-05-19 08:40:59,502 => ETL | Status: Started The pipeline | filename: incoming_data/hamada.txt
2025-05-19 08:41:09,510 => extracting hamada.txt | Status: STARTED | row count: 0
2025-05-19 08:41:09,521 => extracted hamada.txt | Status: COMPLETED | row count: 1
2025-05-19 08:41:09,522 => validateing hamada.txt | Status: STARTED | row count: 1
2025-05-19 08:41:09,522 => validateing hamada.txt | Status: {'error': 'File name hamada.txt is not recognized.'}
2025-05-19 08:41:09,522 => sending an email  | Status: {'error': 'File name hamada.txt is not recognized.'}
2025-05-19 08:41:09,523 => [ERROR] | Status: Failed to process hamada.txt: File name hamada.txt is not recognized.
2025-05-19 08:41:56,894 => Processing | Status: Incoming file | path: incoming_data/customer_profiles.csv
2025-05-19 08:41:56,895 => ETL | Status: Started The pipeline | filename: incoming_data/customer_profiles.csv
2025-05-19 08:41:57,443 => Processing | Status: Incoming file | path: incoming_data/support_tickets.csv
2025-05-19 08:41:57,444 => ETL | Status: Started The pipeline | filename: incoming_data/support_tickets.csv
2025-05-19 08:42:06,905 => extracting customer_profiles.csv | Status: STARTED | row count: 0
2025-05-19 08:42:07,068 => extracted customer_profiles.csv | Status: COMPLETED | row count: 100000
2025-05-19 08:42:07,068 => validateing customer_profiles.csv | Status: STARTED | row count: 100000
2025-05-19 08:42:07,069 => validateed customer_profiles.csv | Status: COMPLETED | row count: 100000
2025-05-19 08:42:07,069 => transforming customer_profiles.csv | Status: STARTED | row count: 100000
2025-05-19 08:42:07,097 => transformed customer_profiles.csv | Status: COMPLETED | row count: 100000
2025-05-19 08:42:07,097 => loading customer_profiles.csv | Status: STARTED | row count: 100000
2025-05-19 08:42:07,466 => extracting support_tickets.csv | Status: STARTED | row count: 0
2025-05-19 08:42:07,571 => extracted support_tickets.csv | Status: COMPLETED | row count: 15000
2025-05-19 08:42:07,572 => validateing support_tickets.csv | Status: STARTED | row count: 15000
2025-05-19 08:42:07,573 => validateed support_tickets.csv | Status: COMPLETED | row count: 15000
2025-05-19 08:42:07,573 => transforming support_tickets.csv | Status: STARTED | row count: 15000
2025-05-19 08:42:07,583 => transformed support_tickets.csv | Status: COMPLETED | row count: 15000
2025-05-19 08:42:07,583 => loading support_tickets.csv | Status: STARTED | row count: 15000
2025-05-19 08:42:28,794 => loaded customer_profiles.csv | Status: COMPLETED | row count: 100000
2025-05-19 08:42:28,795 => [SUCCESS] | Status: Processed 100000 rows from customer_profiles.csv
2025-05-19 08:42:30,010 => loaded support_tickets.csv | Status: COMPLETED | row count: 15000
2025-05-19 08:42:30,010 => [SUCCESS] | Status: Processed 15000 rows from support_tickets.csv
2025-05-19 08:42:32,841 => Processing | Status: Incoming file | path: incoming_data/credit_cards_billing.csv
2025-05-19 08:42:32,841 => ETL | Status: Started The pipeline | filename: incoming_data/credit_cards_billing.csv
2025-05-19 08:42:39,708 => Processing | Status: Incoming file | path: incoming_data/transactions.json
2025-05-19 08:42:39,709 => ETL | Status: Started The pipeline | filename: incoming_data/transactions.json
2025-05-19 08:42:40,244 => Processing | Status: Incoming file | path: incoming_data/loans.txt
2025-05-19 08:42:40,244 => ETL | Status: Started The pipeline | filename: incoming_data/loans.txt
2025-05-19 08:42:42,852 => extracting credit_cards_billing.csv | Status: STARTED | row count: 0
2025-05-19 08:42:43,085 => extracted credit_cards_billing.csv | Status: COMPLETED | row count: 200000
2025-05-19 08:42:43,085 => validateing credit_cards_billing.csv | Status: STARTED | row count: 200000
2025-05-19 08:42:43,085 => validateed credit_cards_billing.csv | Status: COMPLETED | row count: 200000
2025-05-19 08:42:43,085 => transforming credit_cards_billing.csv | Status: STARTED | row count: 200000
2025-05-19 08:42:43,194 => transformed credit_cards_billing.csv | Status: COMPLETED | row count: 200000
2025-05-19 08:42:43,195 => loading credit_cards_billing.csv | Status: STARTED | row count: 200000
2025-05-19 08:42:49,613 => loaded credit_cards_billing.csv | Status: COMPLETED | row count: 200000
2025-05-19 08:42:49,614 => [SUCCESS] | Status: Processed 200000 rows from credit_cards_billing.csv
2025-05-19 08:42:49,719 => extracting transactions.json | Status: STARTED | row count: 0
2025-05-19 08:42:49,974 => extracted transactions.json | Status: COMPLETED | row count: 100000
2025-05-19 08:42:49,974 => validateing transactions.json | Status: STARTED | row count: 100000
2025-05-19 08:42:49,974 => validateed transactions.json | Status: COMPLETED | row count: 100000
2025-05-19 08:42:49,974 => transforming transactions.json | Status: STARTED | row count: 100000
2025-05-19 08:42:50,001 => transformed transactions.json | Status: COMPLETED | row count: 100000
2025-05-19 08:42:50,001 => loading transactions.json | Status: STARTED | row count: 100000
2025-05-19 08:42:50,255 => extracting loans.txt | Status: STARTED | row count: 0
2025-05-19 08:42:50,260 => extracted loans.txt | Status: COMPLETED | row count: 1000
2025-05-19 08:42:50,260 => validateing loans.txt | Status: STARTED | row count: 1000
2025-05-19 08:42:50,260 => validateed loans.txt | Status: COMPLETED | row count: 1000
2025-05-19 08:42:50,261 => transforming loans.txt | Status: STARTED | row count: 1000
2025-05-19 08:42:50,297 => transformed loans.txt | Status: COMPLETED | row count: 1000
2025-05-19 08:42:50,297 => loading loans.txt | Status: STARTED | row count: 1000
2025-05-19 08:43:06,656 => loaded transactions.json | Status: COMPLETED | row count: 100000
2025-05-19 08:43:06,656 => [SUCCESS] | Status: Processed 100000 rows from transactions.json
2025-05-19 08:43:06,912 => loaded loans.txt | Status: COMPLETED | row count: 1000
2025-05-19 08:43:06,912 => [SUCCESS] | Status: Processed 1000 rows from loans.txt
